=== Test Log ===

